// Jest Snapshot v1, https://goo.gl/fbAQLP

exports[`Pruebas en <GifGridItem /> Debe mostrar el contenido correctamente 1`] = `
<div
  className="gifItem animate__animated animate__backInLeft"
>
  <img
    alt="Title"
    src="https://localhost/uwu.jpg"
  />
  <p>
    Title
  </p>
</div>
`;
